
Memory Configuration

Name             Origin             Length             Attributes
flash            0x08000000         0x00020000         xr
sram             0x20000000         0x00005000         xrw
*default*        0x00000000         0xffffffff

Linker script and memory map


.text           0x08000000      0x120
 *(.vector*)
 .vector        0x08000000       0x1c startup.o
                0x08000000                vectors
 *(.text*)
 .text          0x0800001c       0x7c main.o
                0x0800001c                main
 .text          0x08000098       0x88 startup.o
                0x08000098                Reset_Handler
                0x08000114                MM_Fault_Handler
                0x08000114                H_Fault_Handler
                0x08000114                Bus_Fault
                0x08000114                Usage_Fault_Handler
                0x08000114                default_Handler
                0x08000114                NMI_Handler
                0x08000120                . = ALIGN (0x4)
                0x08000120                E_text = .

.glue_7         0x08000120        0x0
 .glue_7        0x08000120        0x0 linker stubs

.glue_7t        0x08000120        0x0
 .glue_7t       0x08000120        0x0 linker stubs

.vfp11_veneer   0x08000120        0x0
 .vfp11_veneer  0x08000120        0x0 linker stubs

.v4_bx          0x08000120        0x0
 .v4_bx         0x08000120        0x0 linker stubs

.iplt           0x08000120        0x0
 .iplt          0x08000120        0x0 main.o

.rel.dyn        0x08000120        0x0
 .rel.iplt      0x08000120        0x0 main.o

.data           0x20000000        0x4 load address 0x08000120
                0x20000000                . = ALIGN (0x4)
                0x20000000                S_data = .
 *(.data*)
 .data          0x20000000        0x4 main.o
                0x20000000                R_ODR
 .data          0x20000004        0x0 startup.o
                0x20000004                . = ALIGN (0x4)
                0x20000004                E_data = .

.igot.plt       0x20000004        0x0 load address 0x08000124
 .igot.plt      0x20000004        0x0 main.o

.bss            0x20000004     0x1000 load address 0x08000124
                0x20000004                . = ALIGN (0x4)
                0x20000004                S_bss = .
 *(.bss*)
 .bss           0x20000004        0x0 main.o
 .bss           0x20000004        0x0 startup.o
                0x20000004                E_bss = .
                0x20000004                . = ALIGN (0x4)
                0x20001004                . = (. + 0x1000)
 *fill*         0x20000004     0x1000 
                0x20001004                stack_top = .
LOAD main.o
LOAD startup.o
OUTPUT(learn-in-depth.elf elf32-littlearm)

.debug_info     0x00000000      0x221
 .debug_info    0x00000000       0xd7 main.o
 .debug_info    0x000000d7      0x14a startup.o

.debug_abbrev   0x00000000      0x19e
 .debug_abbrev  0x00000000       0xd3 main.o
 .debug_abbrev  0x000000d3       0xcb startup.o

.debug_loc      0x00000000       0xb4
 .debug_loc     0x00000000       0x38 main.o
 .debug_loc     0x00000038       0x7c startup.o

.debug_aranges  0x00000000       0x40
 .debug_aranges
                0x00000000       0x20 main.o
 .debug_aranges
                0x00000020       0x20 startup.o

.debug_line     0x00000000       0xbd
 .debug_line    0x00000000       0x56 main.o
 .debug_line    0x00000056       0x67 startup.o

.debug_str      0x00000000      0x16e
 .debug_str     0x00000000       0xf0 main.o
 .debug_str     0x000000f0       0x7e startup.o
                                0x14a (size before relaxing)

.comment        0x00000000       0x7e
 .comment       0x00000000       0x7e main.o
                                 0x7f (size before relaxing)
 .comment       0x0000007e       0x7f startup.o

.ARM.attributes
                0x00000000       0x33
 .ARM.attributes
                0x00000000       0x33 main.o
 .ARM.attributes
                0x00000033       0x33 startup.o

.debug_frame    0x00000000       0x7c
 .debug_frame   0x00000000       0x2c main.o
 .debug_frame   0x0000002c       0x50 startup.o
