
Memory Configuration

Name             Origin             Length             Attributes
flash            0x00000000         0x00020000         xr
sram             0x20000000         0x00005000         xrw
*default*        0x00000000         0xffffffff

Linker script and memory map


.text           0x00000000      0x134
 *(.vector*)
 .vector        0x00000000       0x1c startup.o
                0x00000000                g_p_fn_vectors
 *(.text*)
 .text          0x0000001c       0x90 main.o
                0x0000001c                main
 .text          0x000000ac       0x88 startup.o
                0x000000ac                Reset_Handler
                0x00000128                MM_Fault_Handler
                0x00000128                H_Fault_Handler
                0x00000128                Bus_Fault
                0x00000128                Usage_Fault_Handler
                0x00000128                default_Handler
                0x00000128                NMI_Handler
                0x00000134                . = ALIGN (0x4)
                0x00000134                E_text = .

.glue_7         0x00000134        0x0
 .glue_7        0x00000134        0x0 linker stubs

.glue_7t        0x00000134        0x0
 .glue_7t       0x00000134        0x0 linker stubs

.vfp11_veneer   0x00000134        0x0
 .vfp11_veneer  0x00000134        0x0 linker stubs

.v4_bx          0x00000134        0x0
 .v4_bx         0x00000134        0x0 linker stubs

.iplt           0x00000134        0x0
 .iplt          0x00000134        0x0 main.o

.rel.dyn        0x00000134        0x0
 .rel.iplt      0x00000134        0x0 main.o

.data           0x20000000        0x0 load address 0x00000134
                0x20000000                . = ALIGN (0x4)
                0x20000000                S_data = .
 *(.data*)
 .data          0x20000000        0x0 main.o
 .data          0x20000000        0x0 startup.o
                0x20000000                . = ALIGN (0x4)
                0x20000000                E_data = .

.igot.plt       0x20000000        0x0 load address 0x00000134
 .igot.plt      0x20000000        0x0 main.o

.bss            0x20000000      0x400 load address 0x00000134
                0x20000000                . = ALIGN (0x4)
                0x20000000                S_bss = .
 *(.bss*)
 .bss           0x20000000        0x0 main.o
 .bss           0x20000000      0x400 startup.o
                0x20000400                E_bss = .
LOAD main.o
LOAD startup.o
OUTPUT(unit3_lab4_cortexM4.elf elf32-littlearm)

.debug_info     0x00000000      0xb1e
 .debug_info    0x00000000      0x9a2 main.o
 .debug_info    0x000009a2      0x17c startup.o

.debug_abbrev   0x00000000      0x26c
 .debug_abbrev  0x00000000      0x18e main.o
 .debug_abbrev  0x0000018e       0xde startup.o

.debug_loc      0x00000000       0xb4
 .debug_loc     0x00000000       0x38 main.o
 .debug_loc     0x00000038       0x7c startup.o

.debug_aranges  0x00000000       0x40
 .debug_aranges
                0x00000000       0x20 main.o
 .debug_aranges
                0x00000020       0x20 startup.o

.debug_line     0x00000000      0x1af
 .debug_line    0x00000000      0x148 main.o
 .debug_line    0x00000148       0x67 startup.o

.debug_str      0x00000000      0x53d
 .debug_str     0x00000000      0x4bc main.o
                                0x520 (size before relaxing)
 .debug_str     0x000004bc       0x81 startup.o
                                0x14b (size before relaxing)

.comment        0x00000000       0x7e
 .comment       0x00000000       0x7e main.o
                                 0x7f (size before relaxing)
 .comment       0x0000007e       0x7f startup.o

.ARM.attributes
                0x00000000       0x33
 .ARM.attributes
                0x00000000       0x33 main.o
 .ARM.attributes
                0x00000033       0x33 startup.o

.debug_frame    0x00000000       0x7c
 .debug_frame   0x00000000       0x2c main.o
 .debug_frame   0x0000002c       0x50 startup.o
